mode: set
github.com/Shangin-Leonid/acrogen/cont/permutation.go:16.48,18.30 2 1
github.com/Shangin-Leonid/acrogen/cont/permutation.go:18.30,20.3 1 1
github.com/Shangin-Leonid/acrogen/cont/permutation.go:22.2,22.16 1 1
github.com/Shangin-Leonid/acrogen/cont/permutation.go:26.33,28.2 1 1
github.com/Shangin-Leonid/acrogen/cont/permutation.go:31.39,33.2 1 1
github.com/Shangin-Leonid/acrogen/cont/permutation.go:36.44,38.2 1 1
github.com/Shangin-Leonid/acrogen/cont/permutation.go:41.38,43.2 1 1
github.com/Shangin-Leonid/acrogen/cont/permutation.go:46.45,48.2 1 1
github.com/Shangin-Leonid/acrogen/cont/permutation.go:51.43,55.2 3 1
github.com/Shangin-Leonid/acrogen/cont/permutation.go:58.43,62.2 3 1
github.com/Shangin-Leonid/acrogen/cont/permutation.go:65.36,70.14 3 1
github.com/Shangin-Leonid/acrogen/cont/permutation.go:70.14,72.3 1 1
github.com/Shangin-Leonid/acrogen/cont/permutation.go:76.37,79.21 2 1
github.com/Shangin-Leonid/acrogen/cont/permutation.go:79.21,81.3 1 1
github.com/Shangin-Leonid/acrogen/cont/permutation.go:83.2,84.39 2 1
github.com/Shangin-Leonid/acrogen/cont/permutation.go:84.39,86.3 1 1
github.com/Shangin-Leonid/acrogen/cont/permutation.go:88.2,88.12 1 1
github.com/Shangin-Leonid/acrogen/cont/permutation.go:88.12,90.28 2 1
github.com/Shangin-Leonid/acrogen/cont/permutation.go:90.28,92.4 1 1
github.com/Shangin-Leonid/acrogen/cont/permutation.go:93.3,93.42 1 1
github.com/Shangin-Leonid/acrogen/cont/permutation.go:96.2,96.32 1 1
github.com/Shangin-Leonid/acrogen/cont/permutation.go:104.37,106.2 1 1
github.com/Shangin-Leonid/acrogen/cont/permutation.go:109.38,111.21 1 1
github.com/Shangin-Leonid/acrogen/cont/permutation.go:111.21,113.3 1 1
github.com/Shangin-Leonid/acrogen/cont/permutation.go:115.2,117.23 3 1
github.com/Shangin-Leonid/acrogen/cont/permutation.go:117.23,119.50 1 1
github.com/Shangin-Leonid/acrogen/cont/permutation.go:119.50,121.4 1 1
github.com/Shangin-Leonid/acrogen/cont/permutation.go:122.3,122.27 1 1
github.com/Shangin-Leonid/acrogen/cont/permutation.go:126.2,126.33 1 1
github.com/Shangin-Leonid/acrogen/cont/permutation.go:130.75,131.29 1 1
github.com/Shangin-Leonid/acrogen/cont/permutation.go:131.29,133.3 1 0
github.com/Shangin-Leonid/acrogen/cont/permutation.go:135.2,137.40 2 1
github.com/Shangin-Leonid/acrogen/cont/permutation.go:137.40,139.3 1 1
github.com/Shangin-Leonid/acrogen/cont/permutation.go:141.2,141.24 1 1
github.com/Shangin-Leonid/acrogen/cont/permutation.go:145.49,147.2 1 1
github.com/Shangin-Leonid/acrogen/ag/acronyms.go:32.62,33.55 1 1
github.com/Shangin-Leonid/acrogen/ag/acronyms.go:33.55,35.3 1 1
github.com/Shangin-Leonid/acrogen/ag/acronyms.go:37.2,37.45 1 1
github.com/Shangin-Leonid/acrogen/ag/acronyms.go:55.64,56.80 1 1
github.com/Shangin-Leonid/acrogen/ag/acronyms.go:56.80,57.10 1 1
github.com/Shangin-Leonid/acrogen/ag/acronyms.go:58.24,59.13 1 1
github.com/Shangin-Leonid/acrogen/ag/acronyms.go:60.24,61.12 1 1
github.com/Shangin-Leonid/acrogen/ag/acronyms.go:62.11,63.12 1 1
github.com/Shangin-Leonid/acrogen/ag/acronyms.go:79.62,82.8 2 1
github.com/Shangin-Leonid/acrogen/ag/acronyms.go:82.8,84.3 1 1
github.com/Shangin-Leonid/acrogen/ag/acronyms.go:84.8,86.3 1 1
github.com/Shangin-Leonid/acrogen/ag/acronyms.go:104.64,107.8 2 1
github.com/Shangin-Leonid/acrogen/ag/acronyms.go:107.8,109.3 1 1
github.com/Shangin-Leonid/acrogen/ag/acronyms.go:109.8,111.3 1 1
github.com/Shangin-Leonid/acrogen/ag/acronyms.go:115.49,116.59 1 1
github.com/Shangin-Leonid/acrogen/ag/acronyms.go:116.59,118.3 1 1
github.com/Shangin-Leonid/acrogen/ag/acronyms.go:119.2,119.53 1 1
github.com/Shangin-Leonid/acrogen/ag/acronyms.go:123.44,124.54 1 1
github.com/Shangin-Leonid/acrogen/ag/acronyms.go:124.54,126.3 1 1
github.com/Shangin-Leonid/acrogen/ag/acronyms.go:127.2,127.48 1 1
github.com/Shangin-Leonid/acrogen/ag/acronymsGeneration.go:36.74,37.36 1 0
github.com/Shangin-Leonid/acrogen/ag/acronymsGeneration.go:37.36,39.3 1 0
github.com/Shangin-Leonid/acrogen/ag/acronymsGeneration.go:41.2,41.13 1 0
github.com/Shangin-Leonid/acrogen/ag/acronymsGeneration.go:42.15,43.46 1 0
github.com/Shangin-Leonid/acrogen/ag/acronymsGeneration.go:44.18,45.49 1 0
github.com/Shangin-Leonid/acrogen/ag/acronymsGeneration.go:48.2,48.19 1 0
github.com/Shangin-Leonid/acrogen/ag/acronymsGeneration.go:62.61,64.36 1 0
github.com/Shangin-Leonid/acrogen/ag/acronymsGeneration.go:64.36,67.3 2 0
github.com/Shangin-Leonid/acrogen/ag/acronymsGeneration.go:69.2,73.53 4 0
github.com/Shangin-Leonid/acrogen/ag/acronymsGeneration.go:73.53,76.35 2 0
github.com/Shangin-Leonid/acrogen/ag/acronymsGeneration.go:76.35,77.32 1 0
github.com/Shangin-Leonid/acrogen/ag/acronymsGeneration.go:77.32,81.5 3 0
github.com/Shangin-Leonid/acrogen/ag/acronymsGeneration.go:85.2,87.35 3 0
github.com/Shangin-Leonid/acrogen/ag/acronymsGeneration.go:87.35,90.3 2 0
github.com/Shangin-Leonid/acrogen/ag/acronymsGeneration.go:91.2,93.13 2 0
github.com/Shangin-Leonid/acrogen/ag/acronymsGeneration.go:107.64,115.50 3 0
github.com/Shangin-Leonid/acrogen/ag/acronymsGeneration.go:115.50,120.3 4 0
github.com/Shangin-Leonid/acrogen/ag/acronymsGeneration.go:122.2,122.13 1 0
github.com/Shangin-Leonid/acrogen/ag/utils.go:7.47,11.21 3 1
github.com/Shangin-Leonid/acrogen/ag/utils.go:11.21,14.3 2 1
github.com/Shangin-Leonid/acrogen/ag/utils.go:16.2,16.61 1 1
github.com/Shangin-Leonid/acrogen/ag/utils.go:23.36,25.21 2 1
github.com/Shangin-Leonid/acrogen/ag/utils.go:25.21,27.3 1 1
github.com/Shangin-Leonid/acrogen/ag/utils.go:28.2,28.21 1 1
github.com/Shangin-Leonid/acrogen/algo/numericAlgos.go:4.33,6.12 2 1
github.com/Shangin-Leonid/acrogen/algo/numericAlgos.go:6.12,9.3 2 1
github.com/Shangin-Leonid/acrogen/algo/numericAlgos.go:10.2,10.13 1 1
github.com/Shangin-Leonid/acrogen/algo/setAlgos.go:22.58,23.19 1 1
github.com/Shangin-Leonid/acrogen/algo/setAlgos.go:23.19,25.3 1 1
github.com/Shangin-Leonid/acrogen/algo/setAlgos.go:27.2,28.21 2 1
github.com/Shangin-Leonid/acrogen/algo/setAlgos.go:28.21,30.3 1 1
github.com/Shangin-Leonid/acrogen/algo/setAlgos.go:32.2,32.31 1 1
github.com/Shangin-Leonid/acrogen/algo/setAlgos.go:32.31,34.3 1 1
github.com/Shangin-Leonid/acrogen/algo/setAlgos.go:37.2,38.22 2 1
github.com/Shangin-Leonid/acrogen/algo/setAlgos.go:38.22,40.3 1 1
github.com/Shangin-Leonid/acrogen/algo/setAlgos.go:44.2,45.32 2 1
github.com/Shangin-Leonid/acrogen/algo/setAlgos.go:45.32,47.50 2 1
github.com/Shangin-Leonid/acrogen/algo/setAlgos.go:47.50,50.4 2 1
github.com/Shangin-Leonid/acrogen/algo/setAlgos.go:51.3,51.21 1 1
github.com/Shangin-Leonid/acrogen/algo/setAlgos.go:54.2,54.22 1 1
github.com/Shangin-Leonid/acrogen/algo/setAlgos.go:54.22,55.35 1 1
github.com/Shangin-Leonid/acrogen/algo/setAlgos.go:55.35,57.4 1 1
github.com/Shangin-Leonid/acrogen/algo/setAlgos.go:58.3,58.24 1 1
github.com/Shangin-Leonid/acrogen/algo/setAlgos.go:61.2,61.13 1 1
github.com/Shangin-Leonid/acrogen/algo/slices.go:4.37,8.2 3 1
github.com/Shangin-Leonid/acrogen/algo/slices.go:11.37,12.36 1 1
github.com/Shangin-Leonid/acrogen/algo/slices.go:12.36,14.3 1 1
github.com/Shangin-Leonid/acrogen/algo/slices.go:30.58,32.36 1 1
github.com/Shangin-Leonid/acrogen/algo/slices.go:32.36,34.3 1 1
github.com/Shangin-Leonid/acrogen/algo/slices.go:36.2,36.25 1 1
github.com/Shangin-Leonid/acrogen/algo/slices.go:36.25,38.3 1 1
github.com/Shangin-Leonid/acrogen/algo/slices.go:40.2,47.24 7 1
github.com/Shangin-Leonid/acrogen/algo/slices.go:47.24,50.3 2 1
github.com/Shangin-Leonid/acrogen/algo/slices.go:51.2,51.24 1 1
github.com/Shangin-Leonid/acrogen/algo/slices.go:51.24,54.3 2 1
github.com/Shangin-Leonid/acrogen/algo/slices.go:56.2,56.11 1 1
github.com/Shangin-Leonid/acrogen/fio/dataIO.go:22.58,26.66 3 0
github.com/Shangin-Leonid/acrogen/fio/dataIO.go:26.66,27.28 1 0
github.com/Shangin-Leonid/acrogen/fio/dataIO.go:27.28,28.33 1 0
github.com/Shangin-Leonid/acrogen/fio/dataIO.go:28.33,30.5 1 0
github.com/Shangin-Leonid/acrogen/fio/dataIO.go:31.4,32.14 2 0
github.com/Shangin-Leonid/acrogen/fio/dataIO.go:35.3,36.29 2 0
github.com/Shangin-Leonid/acrogen/fio/dataIO.go:36.29,38.4 1 0
github.com/Shangin-Leonid/acrogen/fio/dataIO.go:40.3,41.65 2 0
github.com/Shangin-Leonid/acrogen/fio/dataIO.go:41.65,43.4 1 0
github.com/Shangin-Leonid/acrogen/fio/dataIO.go:44.3,47.17 3 0
github.com/Shangin-Leonid/acrogen/fio/dataIO.go:47.17,49.4 1 0
github.com/Shangin-Leonid/acrogen/fio/dataIO.go:51.3,54.13 3 0
github.com/Shangin-Leonid/acrogen/fio/dataIO.go:57.2,59.16 2 0
github.com/Shangin-Leonid/acrogen/fio/dataIO.go:59.16,61.3 1 0
github.com/Shangin-Leonid/acrogen/fio/dataIO.go:63.2,63.31 1 0
github.com/Shangin-Leonid/acrogen/fio/dataIO.go:63.31,65.3 1 0
github.com/Shangin-Leonid/acrogen/fio/dataIO.go:67.2,67.17 1 0
github.com/Shangin-Leonid/acrogen/fio/dataIO.go:81.95,84.71 2 0
github.com/Shangin-Leonid/acrogen/fio/dataIO.go:84.71,87.3 2 0
github.com/Shangin-Leonid/acrogen/fio/dataIO.go:89.2,91.16 2 0
github.com/Shangin-Leonid/acrogen/fio/dataIO.go:91.16,93.3 1 0
github.com/Shangin-Leonid/acrogen/fio/dataIO.go:95.2,95.18 1 0
github.com/Shangin-Leonid/acrogen/fio/dataIO.go:122.90,125.24 2 0
github.com/Shangin-Leonid/acrogen/fio/dataIO.go:125.24,126.44 1 0
github.com/Shangin-Leonid/acrogen/fio/dataIO.go:126.44,128.44 2 0
github.com/Shangin-Leonid/acrogen/fio/dataIO.go:128.44,130.5 1 0
github.com/Shangin-Leonid/acrogen/fio/dataIO.go:131.4,132.15 2 0
github.com/Shangin-Leonid/acrogen/fio/dataIO.go:134.8,134.34 1 0
github.com/Shangin-Leonid/acrogen/fio/dataIO.go:134.34,135.44 1 0
github.com/Shangin-Leonid/acrogen/fio/dataIO.go:135.44,137.4 1 0
github.com/Shangin-Leonid/acrogen/fio/dataIO.go:140.2,141.12 2 0
github.com/Shangin-Leonid/acrogen/fio/dataIO.go:157.74,159.70 1 0
github.com/Shangin-Leonid/acrogen/fio/dataIO.go:159.70,160.21 1 0
github.com/Shangin-Leonid/acrogen/fio/dataIO.go:160.21,162.4 1 0
github.com/Shangin-Leonid/acrogen/fio/dataIO.go:163.3,164.17 2 0
github.com/Shangin-Leonid/acrogen/fio/dataIO.go:164.17,166.4 1 0
github.com/Shangin-Leonid/acrogen/fio/dataIO.go:168.3,170.13 2 0
github.com/Shangin-Leonid/acrogen/fio/dataIO.go:174.2,182.53 3 0
github.com/Shangin-Leonid/acrogen/fio/dataIO.go:182.53,183.14 1 0
github.com/Shangin-Leonid/acrogen/fio/dataIO.go:184.14,185.49 1 0
github.com/Shangin-Leonid/acrogen/fio/dataIO.go:186.12,187.24 1 0
github.com/Shangin-Leonid/acrogen/fio/dataIO.go:188.15,189.40 1 0
github.com/Shangin-Leonid/acrogen/fio/dataIO.go:190.22,191.25 1 0
github.com/Shangin-Leonid/acrogen/fio/dataIO.go:193.3,193.15 1 0
github.com/Shangin-Leonid/acrogen/fio/dataIO.go:196.2,199.69 3 0
github.com/Shangin-Leonid/acrogen/fio/dataIO.go:199.69,202.28 2 0
github.com/Shangin-Leonid/acrogen/fio/dataIO.go:202.28,204.40 2 0
github.com/Shangin-Leonid/acrogen/fio/dataIO.go:204.40,206.5 1 0
github.com/Shangin-Leonid/acrogen/fio/dataIO.go:207.4,207.21 1 0
github.com/Shangin-Leonid/acrogen/fio/dataIO.go:207.21,209.53 2 0
github.com/Shangin-Leonid/acrogen/fio/dataIO.go:209.53,211.6 1 0
github.com/Shangin-Leonid/acrogen/fio/dataIO.go:213.9,213.32 1 0
github.com/Shangin-Leonid/acrogen/fio/dataIO.go:213.32,215.4 1 0
github.com/Shangin-Leonid/acrogen/fio/dataIO.go:215.9,215.79 1 0
github.com/Shangin-Leonid/acrogen/fio/dataIO.go:215.79,217.40 2 0
github.com/Shangin-Leonid/acrogen/fio/dataIO.go:217.40,219.5 1 0
github.com/Shangin-Leonid/acrogen/fio/dataIO.go:221.4,221.38 1 0
github.com/Shangin-Leonid/acrogen/fio/dataIO.go:221.38,223.5 1 0
github.com/Shangin-Leonid/acrogen/fio/dataIO.go:225.4,227.50 3 0
github.com/Shangin-Leonid/acrogen/fio/dataIO.go:227.50,229.5 1 0
github.com/Shangin-Leonid/acrogen/fio/dataIO.go:231.4,232.19 2 0
github.com/Shangin-Leonid/acrogen/fio/dataIO.go:232.19,234.5 1 0
github.com/Shangin-Leonid/acrogen/fio/dataIO.go:235.4,236.88 2 0
github.com/Shangin-Leonid/acrogen/fio/dataIO.go:236.88,238.5 1 0
github.com/Shangin-Leonid/acrogen/fio/dataIO.go:239.4,241.43 2 0
github.com/Shangin-Leonid/acrogen/fio/dataIO.go:241.43,243.5 1 0
github.com/Shangin-Leonid/acrogen/fio/dataIO.go:244.9,246.40 2 0
github.com/Shangin-Leonid/acrogen/fio/dataIO.go:246.40,248.5 1 0
github.com/Shangin-Leonid/acrogen/fio/dataIO.go:250.4,251.19 2 0
github.com/Shangin-Leonid/acrogen/fio/dataIO.go:251.19,253.5 1 0
github.com/Shangin-Leonid/acrogen/fio/dataIO.go:254.4,256.18 3 0
github.com/Shangin-Leonid/acrogen/fio/dataIO.go:256.18,258.5 1 0
github.com/Shangin-Leonid/acrogen/fio/dataIO.go:260.4,261.35 2 0
github.com/Shangin-Leonid/acrogen/fio/dataIO.go:261.35,262.52 1 0
github.com/Shangin-Leonid/acrogen/fio/dataIO.go:262.52,264.6 1 0
github.com/Shangin-Leonid/acrogen/fio/dataIO.go:265.5,265.15 1 0
github.com/Shangin-Leonid/acrogen/fio/dataIO.go:267.4,267.83 1 0
github.com/Shangin-Leonid/acrogen/fio/dataIO.go:270.3,271.13 2 0
github.com/Shangin-Leonid/acrogen/fio/dataIO.go:274.2,276.18 2 0
github.com/Shangin-Leonid/acrogen/fio/utils.go:25.134,26.42 1 0
github.com/Shangin-Leonid/acrogen/fio/utils.go:26.42,28.3 1 0
github.com/Shangin-Leonid/acrogen/fio/utils.go:30.2,31.16 2 0
github.com/Shangin-Leonid/acrogen/fio/utils.go:31.16,33.3 1 0
github.com/Shangin-Leonid/acrogen/fio/utils.go:34.2,37.45 3 0
github.com/Shangin-Leonid/acrogen/fio/utils.go:37.45,40.3 2 0
github.com/Shangin-Leonid/acrogen/fio/utils.go:41.2,41.79 1 0
github.com/Shangin-Leonid/acrogen/fio/utils.go:41.79,44.3 2 0
github.com/Shangin-Leonid/acrogen/fio/utils.go:45.2,45.16 1 0
github.com/Shangin-Leonid/acrogen/fio/utils.go:45.16,47.3 1 0
github.com/Shangin-Leonid/acrogen/fio/utils.go:48.2,48.37 1 0
github.com/Shangin-Leonid/acrogen/fio/utils.go:48.37,50.3 1 0
github.com/Shangin-Leonid/acrogen/fio/utils.go:52.2,52.33 1 0
github.com/Shangin-Leonid/acrogen/fio/utils.go:68.143,69.42 1 0
github.com/Shangin-Leonid/acrogen/fio/utils.go:69.42,71.3 1 0
github.com/Shangin-Leonid/acrogen/fio/utils.go:73.2,74.16 2 0
github.com/Shangin-Leonid/acrogen/fio/utils.go:74.16,76.3 1 0
github.com/Shangin-Leonid/acrogen/fio/utils.go:77.2,80.16 3 0
github.com/Shangin-Leonid/acrogen/fio/utils.go:80.16,82.3 1 0
github.com/Shangin-Leonid/acrogen/fio/utils.go:83.2,84.23 2 0
github.com/Shangin-Leonid/acrogen/fio/utils.go:84.23,86.17 2 0
github.com/Shangin-Leonid/acrogen/fio/utils.go:86.17,88.4 1 0
github.com/Shangin-Leonid/acrogen/fio/utils.go:89.3,89.22 1 0
github.com/Shangin-Leonid/acrogen/fio/utils.go:92.2,92.31 1 0
github.com/Shangin-Leonid/acrogen/ui/dataIO.go:17.43,19.42 2 0
github.com/Shangin-Leonid/acrogen/ui/dataIO.go:19.42,21.3 1 0
github.com/Shangin-Leonid/acrogen/ui/dataIO.go:44.56,46.9 1 0
github.com/Shangin-Leonid/acrogen/ui/dataIO.go:47.18,48.69 1 0
github.com/Shangin-Leonid/acrogen/ui/dataIO.go:49.19,50.21 1 0
github.com/Shangin-Leonid/acrogen/ui/dataIO.go:51.26,52.70 1 0
github.com/Shangin-Leonid/acrogen/ui/dataIO.go:55.2,56.30 2 0
github.com/Shangin-Leonid/acrogen/ui/dataIO.go:56.30,58.3 1 0
github.com/Shangin-Leonid/acrogen/ui/dataIO.go:60.2,60.12 1 0
github.com/Shangin-Leonid/acrogen/ui/dataIO.go:81.68,89.2 5 0
github.com/Shangin-Leonid/acrogen/ui/menu.go:31.22,33.15 1 0
github.com/Shangin-Leonid/acrogen/ui/menu.go:33.15,34.31 1 0
github.com/Shangin-Leonid/acrogen/ui/menu.go:34.31,39.4 4 0
github.com/Shangin-Leonid/acrogen/ui/menu.go:42.2,51.6 7 0
github.com/Shangin-Leonid/acrogen/ui/menu.go:51.6,55.17 3 0
github.com/Shangin-Leonid/acrogen/ui/menu.go:55.17,56.22 1 0
github.com/Shangin-Leonid/acrogen/ui/menu.go:59.3,59.18 1 0
github.com/Shangin-Leonid/acrogen/ui/menu.go:60.20,61.17 1 0
github.com/Shangin-Leonid/acrogen/ui/menu.go:62.27,63.37 1 0
github.com/Shangin-Leonid/acrogen/ui/menu.go:64.24,65.58 1 0
github.com/Shangin-Leonid/acrogen/ui/menu.go:66.36,67.48 1 0
github.com/Shangin-Leonid/acrogen/ui/menu.go:68.42,69.53 1 0
github.com/Shangin-Leonid/acrogen/ui/menu.go:70.35,71.45 1 0
github.com/Shangin-Leonid/acrogen/ui/menu.go:72.29,73.39 1 0
github.com/Shangin-Leonid/acrogen/ui/menu.go:74.34,75.43 1 0
github.com/Shangin-Leonid/acrogen/ui/menu.go:76.11,77.42 1 0
github.com/Shangin-Leonid/acrogen/ui/menu.go:80.3,82.15 2 0
github.com/Shangin-Leonid/acrogen/ui/menu.go:82.15,84.4 1 0
github.com/Shangin-Leonid/acrogen/ui/menu.go:86.3,86.22 1 0
github.com/Shangin-Leonid/acrogen/ui/menu.go:97.42,98.16 1 0
github.com/Shangin-Leonid/acrogen/ui/menu.go:98.16,100.3 1 0
github.com/Shangin-Leonid/acrogen/ui/menu.go:102.2,103.55 2 0
github.com/Shangin-Leonid/acrogen/ui/menu.go:103.55,105.3 1 0
github.com/Shangin-Leonid/acrogen/ui/menu.go:107.2,107.65 1 0
github.com/Shangin-Leonid/acrogen/ui/menu.go:119.20,121.2 1 0
github.com/Shangin-Leonid/acrogen/ui/menu.go:135.49,137.16 2 0
github.com/Shangin-Leonid/acrogen/ui/menu.go:137.16,139.3 1 0
github.com/Shangin-Leonid/acrogen/ui/menu.go:141.2,141.19 1 0
github.com/Shangin-Leonid/acrogen/ui/menu.go:141.19,143.3 1 0
github.com/Shangin-Leonid/acrogen/ui/menu.go:145.2,146.18 2 0
github.com/Shangin-Leonid/acrogen/ui/menu.go:157.60,162.16 3 0
github.com/Shangin-Leonid/acrogen/ui/menu.go:162.16,164.3 1 0
github.com/Shangin-Leonid/acrogen/ui/menu.go:165.2,166.20 2 0
github.com/Shangin-Leonid/acrogen/ui/menu.go:166.20,168.3 1 0
github.com/Shangin-Leonid/acrogen/ui/menu.go:168.8,168.26 1 0
github.com/Shangin-Leonid/acrogen/ui/menu.go:168.26,170.17 2 0
github.com/Shangin-Leonid/acrogen/ui/menu.go:170.17,172.4 1 0
github.com/Shangin-Leonid/acrogen/ui/menu.go:176.2,178.17 3 0
github.com/Shangin-Leonid/acrogen/ui/menu.go:178.17,180.3 1 0
github.com/Shangin-Leonid/acrogen/ui/menu.go:181.2,182.18 2 0
github.com/Shangin-Leonid/acrogen/ui/menu.go:193.65,198.16 3 0
github.com/Shangin-Leonid/acrogen/ui/menu.go:198.16,200.3 1 0
github.com/Shangin-Leonid/acrogen/ui/menu.go:201.2,202.20 2 0
github.com/Shangin-Leonid/acrogen/ui/menu.go:202.20,204.3 1 0
github.com/Shangin-Leonid/acrogen/ui/menu.go:204.8,204.26 1 0
github.com/Shangin-Leonid/acrogen/ui/menu.go:204.26,206.17 2 0
github.com/Shangin-Leonid/acrogen/ui/menu.go:206.17,208.4 1 0
github.com/Shangin-Leonid/acrogen/ui/menu.go:212.2,213.16 2 0
github.com/Shangin-Leonid/acrogen/ui/menu.go:213.16,215.3 1 0
github.com/Shangin-Leonid/acrogen/ui/menu.go:218.2,219.16 2 0
github.com/Shangin-Leonid/acrogen/ui/menu.go:219.16,221.3 1 0
github.com/Shangin-Leonid/acrogen/ui/menu.go:222.2,223.20 2 0
github.com/Shangin-Leonid/acrogen/ui/menu.go:223.20,225.3 1 0
github.com/Shangin-Leonid/acrogen/ui/menu.go:225.8,225.26 1 0
github.com/Shangin-Leonid/acrogen/ui/menu.go:225.26,227.17 2 0
github.com/Shangin-Leonid/acrogen/ui/menu.go:227.17,229.4 1 0
github.com/Shangin-Leonid/acrogen/ui/menu.go:233.2,235.16 3 0
github.com/Shangin-Leonid/acrogen/ui/menu.go:235.16,237.3 1 0
github.com/Shangin-Leonid/acrogen/ui/menu.go:240.2,241.16 2 0
github.com/Shangin-Leonid/acrogen/ui/menu.go:241.16,243.3 1 0
github.com/Shangin-Leonid/acrogen/ui/menu.go:244.2,250.18 5 0
github.com/Shangin-Leonid/acrogen/ui/menu.go:266.60,269.17 2 0
github.com/Shangin-Leonid/acrogen/ui/menu.go:269.17,271.3 1 0
github.com/Shangin-Leonid/acrogen/ui/menu.go:271.8,271.27 1 0
github.com/Shangin-Leonid/acrogen/ui/menu.go:271.27,274.3 2 0
github.com/Shangin-Leonid/acrogen/ui/menu.go:276.2,276.17 1 0
github.com/Shangin-Leonid/acrogen/ui/menu.go:276.17,278.3 1 0
github.com/Shangin-Leonid/acrogen/ui/menu.go:280.2,281.16 2 0
github.com/Shangin-Leonid/acrogen/ui/menu.go:281.16,283.3 1 0
github.com/Shangin-Leonid/acrogen/ui/menu.go:285.2,286.16 2 0
github.com/Shangin-Leonid/acrogen/ui/menu.go:286.16,288.3 1 0
github.com/Shangin-Leonid/acrogen/ui/menu.go:290.2,290.12 1 0
github.com/Shangin-Leonid/acrogen/ui/menu.go:306.54,309.17 2 0
github.com/Shangin-Leonid/acrogen/ui/menu.go:309.17,311.3 1 0
github.com/Shangin-Leonid/acrogen/ui/menu.go:311.8,311.27 1 0
github.com/Shangin-Leonid/acrogen/ui/menu.go:311.27,314.3 2 0
github.com/Shangin-Leonid/acrogen/ui/menu.go:316.2,316.60 1 0
github.com/Shangin-Leonid/acrogen/ui/menu.go:316.60,319.3 2 0
github.com/Shangin-Leonid/acrogen/ui/menu.go:320.2,320.52 1 0
github.com/Shangin-Leonid/acrogen/ui/menu.go:320.52,326.3 4 0
github.com/Shangin-Leonid/acrogen/ui/menu.go:328.2,336.16 2 0
github.com/Shangin-Leonid/acrogen/ui/menu.go:336.16,338.3 1 0
github.com/Shangin-Leonid/acrogen/ui/menu.go:340.2,340.12 1 0
github.com/Shangin-Leonid/acrogen/ui/menu.go:352.58,355.17 2 0
github.com/Shangin-Leonid/acrogen/ui/menu.go:355.17,357.3 1 0
github.com/Shangin-Leonid/acrogen/ui/menu.go:357.8,357.27 1 0
github.com/Shangin-Leonid/acrogen/ui/menu.go:357.27,360.3 2 0
github.com/Shangin-Leonid/acrogen/ui/menu.go:363.2,364.16 2 0
github.com/Shangin-Leonid/acrogen/ui/menu.go:364.16,366.3 1 0
github.com/Shangin-Leonid/acrogen/ui/menu.go:367.2,368.20 2 0
github.com/Shangin-Leonid/acrogen/ui/menu.go:368.20,370.3 1 0
github.com/Shangin-Leonid/acrogen/ui/menu.go:370.8,370.26 1 0
github.com/Shangin-Leonid/acrogen/ui/menu.go:370.26,372.17 2 0
github.com/Shangin-Leonid/acrogen/ui/menu.go:372.17,374.4 1 0
github.com/Shangin-Leonid/acrogen/ui/menu.go:378.2,379.16 2 0
github.com/Shangin-Leonid/acrogen/ui/menu.go:379.16,381.3 1 0
github.com/Shangin-Leonid/acrogen/ui/menu.go:383.2,385.12 2 0
github.com/Shangin-Leonid/acrogen/ui/menu.go:399.52,402.42 2 0
github.com/Shangin-Leonid/acrogen/ui/menu.go:402.42,404.3 1 0
github.com/Shangin-Leonid/acrogen/ui/menu.go:404.8,404.55 1 0
github.com/Shangin-Leonid/acrogen/ui/menu.go:404.55,406.3 1 0
github.com/Shangin-Leonid/acrogen/ui/menu.go:406.8,406.28 1 0
github.com/Shangin-Leonid/acrogen/ui/menu.go:406.28,408.3 1 0
github.com/Shangin-Leonid/acrogen/ui/menu.go:408.8,410.3 1 0
github.com/Shangin-Leonid/acrogen/ui/menuConstants.go:48.42,51.2 2 0
github.com/Shangin-Leonid/acrogen/ui/menuConstants.go:88.22,104.2 15 0
github.com/Shangin-Leonid/acrogen/ui/menuUtils.go:29.77,31.47 1 0
github.com/Shangin-Leonid/acrogen/ui/menuUtils.go:31.47,33.3 1 0
github.com/Shangin-Leonid/acrogen/ui/menuUtils.go:34.2,35.34 2 0
github.com/Shangin-Leonid/acrogen/ui/menuUtils.go:35.34,38.3 2 0
github.com/Shangin-Leonid/acrogen/ui/menuUtils.go:39.2,39.48 1 0
github.com/Shangin-Leonid/acrogen/ui/menuUtils.go:39.48,39.85 1 0
github.com/Shangin-Leonid/acrogen/ui/menuUtils.go:41.2,49.21 2 0
github.com/Shangin-Leonid/acrogen/ui/menuUtils.go:67.87,69.47 1 0
github.com/Shangin-Leonid/acrogen/ui/menuUtils.go:69.47,71.17 2 0
github.com/Shangin-Leonid/acrogen/ui/menuUtils.go:71.17,73.4 1 0
github.com/Shangin-Leonid/acrogen/ui/menuUtils.go:73.9,75.4 1 0
github.com/Shangin-Leonid/acrogen/ui/menuUtils.go:77.2,77.41 1 0
github.com/Shangin-Leonid/acrogen/ui/menuUtils.go:77.41,77.56 1 0
github.com/Shangin-Leonid/acrogen/ui/menuUtils.go:79.2,88.21 2 0
github.com/Shangin-Leonid/acrogen/ui/menuUtils.go:102.80,106.16 3 0
github.com/Shangin-Leonid/acrogen/ui/menuUtils.go:106.16,108.3 1 0
github.com/Shangin-Leonid/acrogen/ui/menuUtils.go:110.2,110.42 1 0
github.com/Shangin-Leonid/acrogen/ui/menuUtils.go:110.42,112.3 1 0
github.com/Shangin-Leonid/acrogen/ui/menuUtils.go:114.2,114.22 1 0
github.com/Shangin-Leonid/acrogen/ui/menuUtils.go:134.61,136.45 1 0
github.com/Shangin-Leonid/acrogen/ui/menuUtils.go:136.45,136.72 1 0
github.com/Shangin-Leonid/acrogen/ui/menuUtils.go:138.2,145.7 1 0
github.com/Shangin-Leonid/acrogen/ui/menuUtils.go:166.78,170.23 2 0
github.com/Shangin-Leonid/acrogen/ui/menuUtils.go:170.23,172.3 1 0
github.com/Shangin-Leonid/acrogen/ui/menuUtils.go:174.2,174.6 1 0
github.com/Shangin-Leonid/acrogen/ui/menuUtils.go:174.6,177.17 3 0
github.com/Shangin-Leonid/acrogen/ui/menuUtils.go:177.17,179.4 1 0
github.com/Shangin-Leonid/acrogen/ui/menuUtils.go:181.3,181.91 1 0
github.com/Shangin-Leonid/acrogen/ui/menuUtils.go:181.91,182.9 1 0
github.com/Shangin-Leonid/acrogen/ui/menuUtils.go:185.3,186.17 2 0
github.com/Shangin-Leonid/acrogen/ui/menuUtils.go:186.17,188.4 1 0
github.com/Shangin-Leonid/acrogen/ui/menuUtils.go:190.3,190.17 1 0
github.com/Shangin-Leonid/acrogen/ui/menuUtils.go:190.17,191.25 1 0
github.com/Shangin-Leonid/acrogen/ui/menuUtils.go:191.25,194.19 3 0
github.com/Shangin-Leonid/acrogen/ui/menuUtils.go:194.19,196.6 1 0
github.com/Shangin-Leonid/acrogen/ui/menuUtils.go:198.9,199.27 1 0
github.com/Shangin-Leonid/acrogen/ui/menuUtils.go:199.27,201.5 1 0
github.com/Shangin-Leonid/acrogen/ui/menuUtils.go:204.3,204.83 1 0
github.com/Shangin-Leonid/acrogen/ui/menuUtils.go:204.83,205.9 1 0
github.com/Shangin-Leonid/acrogen/ui/menuUtils.go:209.2,209.24 1 0
github.com/Shangin-Leonid/acrogen/utils/codeUtils.go:18.49,19.10 1 1
github.com/Shangin-Leonid/acrogen/utils/codeUtils.go:19.10,21.3 1 1
github.com/Shangin-Leonid/acrogen/utils/codeUtils.go:21.8,23.3 1 1
github.com/Shangin-Leonid/acrogen/utils/codeUtils.go:27.26,29.2 1 1
github.com/Shangin-Leonid/acrogen/utils/fileUtils.go:22.48,24.33 1 1
github.com/Shangin-Leonid/acrogen/utils/fileUtils.go:24.33,26.3 1 1
github.com/Shangin-Leonid/acrogen/utils/fileUtils.go:28.2,29.19 2 1
github.com/Shangin-Leonid/acrogen/utils/fileUtils.go:29.19,31.3 1 1
github.com/Shangin-Leonid/acrogen/utils/fileUtils.go:33.2,33.21 1 1
github.com/Shangin-Leonid/acrogen/utils/fileUtils.go:33.21,35.3 1 1
github.com/Shangin-Leonid/acrogen/utils/fileUtils.go:37.2,37.13 1 1
github.com/Shangin-Leonid/acrogen/utils/fileUtils.go:41.41,43.2 1 1
github.com/Shangin-Leonid/acrogen/utils/stackTraceError.go:25.43,27.2 1 0
github.com/Shangin-Leonid/acrogen/utils/stackTraceError.go:29.52,31.2 1 0
github.com/Shangin-Leonid/acrogen/utils/stackTraceError.go:33.49,37.2 1 0
